sh-3.2$ for i in `ls *-c`
> do
> ./$i ../tests/test10000runs2000 
> 
sh-3.2$ for i in `ls *-c`; do time ./$i ../tests/test10000runs2000; done 
RPython traceback:
  File "implement.c", line 165, in entry_point
  File "implement.c", line 626, in Main
  File "jit_metainterp_warmspot.c", line 178, in ll_portal_runner__treeClass_F1WAEPtr_dicttablePt
  File "jit_metainterp_warmspot.c", line 178, in ll_portal_runner__treeClass_F1WAEPtr_dicttablePt
  File "jit_metainterp_warmspot.c", line 178, in ll_portal_runner__treeClass_F1WAEPtr_dicttablePt
  File "jit_metainterp_warmspot.c", line 246, in ll_portal_runner__treeClass_F1WAEPtr_dicttablePt
Fatal RPython error: StackOverflow
Abort trap

real	0m2.565s
user	0m1.125s
sys	0m0.059s
^C
real	0m8.169s
user	0m7.487s
sys	0m0.176s

sh-3.2$ for i in `ls *-c`; do echo $i; time ./$i ../tests/test10000runs2000; done 
JITRPinterpret0-c
RPython traceback:
  File "implement.c", line 165, in entry_point
  File "implement.c", line 626, in Main
  File "jit_metainterp_warmspot.c", line 178, in ll_portal_runner__treeClass_F1WAEPtr_dicttablePt
  File "jit_metainterp_warmspot.c", line 178, in ll_portal_runner__treeClass_F1WAEPtr_dicttablePt
  File "jit_metainterp_warmspot.c", line 178, in ll_portal_runner__treeClass_F1WAEPtr_dicttablePt
  File "jit_metainterp_warmspot.c", line 246, in ll_portal_runner__treeClass_F1WAEPtr_dicttablePt
Fatal RPython error: StackOverflow
Abort trap

real	0m1.189s
user	0m1.112s
sys	0m0.044s
JITRPinterpret1-c
the answer is :30000

real	0m54.134s
user	0m53.159s
sys	0m0.794s
JITRPinterpret2-c
RPython traceback:
  File "implement.c", line 165, in entry_point
  File "implement.c", line 629, in Main
  File "jit_metainterp_warmspot.c", line 178, in ll_portal_runner__dicttablePtr_treeClass_F1WAEPt
  File "jit_metainterp_warmspot.c", line 178, in ll_portal_runner__dicttablePtr_treeClass_F1WAEPt
  File "jit_metainterp_warmspot.c", line 178, in ll_portal_runner__dicttablePtr_treeClass_F1WAEPt
  File "jit_metainterp_warmspot.c", line 246, in ll_portal_runner__dicttablePtr_treeClass_F1WAEPt
Fatal RPython error: StackOverflow
Abort trap

real	0m1.557s
user	0m1.160s
sys	0m0.051s
JITRPinterpret3-c
the answer is :30000

real	1m3.196s
user	1m1.869s
sys	0m0.881s
JITRPinterpret4-c
the answer is :30000

real	0m9.179s
user	0m8.735s
sys	0m0.117s
JITRPinterpret5-c
the answer is :30000

real	1m4.118s
user	1m1.951s
sys	0m1.918s
JITRPinterpret6-c
the answer is :30000

real	0m8.625s
user	0m8.389s
sys	0m0.106s
JITRPinterpret7-c
the answer is :30000

real	1m10.105s
user	1m8.748s
sys	0m1.089s
sh-3.2$ ../RPinterpret-c ../tests/test10000runs2000 
the answer is :30000
sh-3.2$ ../RPinterpret-c ../tests/test10000runs10000 
^C
sh-3.2$ time ../RPinterpret-c ../tests/test10000runs10000 
RPython traceback:
  File "implement.c", line 96, in entry_point
  File "implement.c", line 609, in Main
  File "implement.c", line 4056, in Interpret
  File "implement.c", line 4500, in Interpret
  File "implement.c", line 4500, in Interpret
  File "implement.c", line 4495, in Interpret
  File "implement.c", line 4495, in Interpret
  File "implement.c", line 4500, in Interpret
  File "implement.c", line 4495, in Interpret
  File "implement.c", line 4500, in Interpret
  File "implement.c", line 4495, in Interpret
  File "implement.c", line 4495, in Interpret
  File "implement.c", line 4500, in Interpret
  File "implement.c", line 4495, in Interpret
  File "implement.c", line 4495, in Interpret
  File "implement.c", line 4495, in Interpret
  File "implement.c", line 4500, in Interpret
  File "implement.c", line 4500, in Interpret
  File "implement.c", line 4495, in Interpret
  File "implement.c", line 4500, in Interpret
  File "implement.c", line 4495, in Interpret
  File "implement.c", line 4500, in Interpret
  File "implement.c", line 4500, in Interpret
  File "implement.c", line 4500, in Interpret
  File "implement.c", line 4495, in Interpret
  File "implement.c", line 4500, in Interpret
  File "implement.c", line 4495, in Interpret
  File "implement.c", line 4495, in Interpret
  File "implement.c", line 4495, in Interpret
  File "implement.c", line 4500, in Interpret
  File "implement.c", line 4495, in Interpret
  File "implement.c", line 4495, in Interpret
  File "implement.c", line 4495, in Interpret
  File "implement.c", line 4495, in Interpret
  File "implement.c", line 4500, in Interpret
  File "implement.c", line 4500, in Interpret
  File "implement.c", line 4500, in Interpret
  File "implement.c", line 4495, in Interpret
  File "implement.c", line 4500, in Interpret
  File "implement.c", line 4495, in Interpret
  File "implement.c", line 4500, in Interpret
  File "implement.c", line 4500, in Interpret
  File "implement.c", line 4495, in Interpret
  File "implement.c", line 4495, in Interpret
  File "implement.c", line 4500, in Interpret
  File "implement.c", line 4495, in Interpret
  File "implement.c", line 4500, in Interpret
  File "implement.c", line 4495, in Interpret
  File "implement.c", line 4500, in Interpret
  File "implement.c", line 4505, in Interpret
  File "rlib_rstack.c", line 95, in stack_check_slowpath__Signed
Fatal RPython error: StackOverflow
Abort trap

real	0m4.242s
user	0m3.936s
sys	0m0.038s
sh-3.2$ time ./JITRPinterpret4-c ../tests/test10000runs10000 
RPython traceback:
  File "implement.c", line 165, in entry_point
  File "implement.c", line 626, in Main
  File "jit_metainterp_warmspot.c", line 178, in ll_portal_runner__dicttablePtr_treeClass_F1WAEPt
  File "jit_metainterp_warmspot.c", line 178, in ll_portal_runner__dicttablePtr_treeClass_F1WAEPt
  File "jit_metainterp_warmspot.c", line 178, in ll_portal_runner__dicttablePtr_treeClass_F1WAEPt
  File "jit_metainterp_warmspot.c", line 178, in ll_portal_runner__dicttablePtr_treeClass_F1WAEPt
  File "jit_metainterp_warmspot.c", line 178, in ll_portal_runner__dicttablePtr_treeClass_F1WAEPt
  File "jit_metainterp_warmspot.c", line 178, in ll_portal_runner__dicttablePtr_treeClass_F1WAEPt
  File "jit_metainterp_warmspot.c", line 178, in ll_portal_runner__dicttablePtr_treeClass_F1WAEPt
  File "jit_metainterp_warmspot.c", line 178, in ll_portal_runner__dicttablePtr_treeClass_F1WAEPt
  File "jit_metainterp_warmspot.c", line 178, in ll_portal_runner__dicttablePtr_treeClass_F1WAEPt
  File "jit_metainterp_warmspot.c", line 178, in ll_portal_runner__dicttablePtr_treeClass_F1WAEPt
  File "jit_metainterp_warmspot.c", line 178, in ll_portal_runner__dicttablePtr_treeClass_F1WAEPt
  File "jit_metainterp_warmspot.c", line 178, in ll_portal_runner__dicttablePtr_treeClass_F1WAEPt
  File "jit_metainterp_warmspot.c", line 178, in ll_portal_runner__dicttablePtr_treeClass_F1WAEPt
  File "jit_metainterp_warmspot.c", line 178, in ll_portal_runner__dicttablePtr_treeClass_F1WAEPt
  File "jit_metainterp_warmspot.c", line 178, in ll_portal_runner__dicttablePtr_treeClass_F1WAEPt
  File "jit_metainterp_warmspot.c", line 178, in ll_portal_runner__dicttablePtr_treeClass_F1WAEPt
  File "jit_metainterp_warmspot.c", line 178, in ll_portal_runner__dicttablePtr_treeClass_F1WAEPt
  File "jit_metainterp_warmspot.c", line 178, in ll_portal_runner__dicttablePtr_treeClass_F1WAEPt
  File "jit_metainterp_warmspot.c", line 178, in ll_portal_runner__dicttablePtr_treeClass_F1WAEPt
  File "jit_metainterp_warmspot.c", line 178, in ll_portal_runner__dicttablePtr_treeClass_F1WAEPt
  File "jit_metainterp_warmspot.c", line 178, in ll_portal_runner__dicttablePtr_treeClass_F1WAEPt
  File "jit_metainterp_warmspot.c", line 178, in ll_portal_runner__dicttablePtr_treeClass_F1WAEPt
  File "jit_metainterp_warmspot.c", line 178, in ll_portal_runner__dicttablePtr_treeClass_F1WAEPt
  File "jit_metainterp_warmspot.c", line 178, in ll_portal_runner__dicttablePtr_treeClass_F1WAEPt
  File "jit_metainterp_warmspot.c", line 178, in ll_portal_runner__dicttablePtr_treeClass_F1WAEPt
  File "jit_metainterp_warmspot.c", line 178, in ll_portal_runner__dicttablePtr_treeClass_F1WAEPt
  File "jit_metainterp_warmspot.c", line 178, in ll_portal_runner__dicttablePtr_treeClass_F1WAEPt
  File "jit_metainterp_warmspot.c", line 178, in ll_portal_runner__dicttablePtr_treeClass_F1WAEPt
  File "jit_metainterp_warmspot.c", line 178, in ll_portal_runner__dicttablePtr_treeClass_F1WAEPt
  File "jit_metainterp_warmspot.c", line 178, in ll_portal_runner__dicttablePtr_treeClass_F1WAEPt
  File "jit_metainterp_warmspot.c", line 178, in ll_portal_runner__dicttablePtr_treeClass_F1WAEPt
  File "jit_metainterp_warmspot.c", line 178, in ll_portal_runner__dicttablePtr_treeClass_F1WAEPt
  File "jit_metainterp_warmspot.c", line 178, in ll_portal_runner__dicttablePtr_treeClass_F1WAEPt
  File "jit_metainterp_warmspot.c", line 178, in ll_portal_runner__dicttablePtr_treeClass_F1WAEPt
  File "jit_metainterp_warmspot.c", line 178, in ll_portal_runner__dicttablePtr_treeClass_F1WAEPt
  File "jit_metainterp_warmspot.c", line 178, in ll_portal_runner__dicttablePtr_treeClass_F1WAEPt
  File "jit_metainterp_warmspot.c", line 178, in ll_portal_runner__dicttablePtr_treeClass_F1WAEPt
  File "jit_metainterp_warmspot.c", line 178, in ll_portal_runner__dicttablePtr_treeClass_F1WAEPt
  File "jit_metainterp_warmspot.c", line 178, in ll_portal_runner__dicttablePtr_treeClass_F1WAEPt
  File "jit_metainterp_warmspot.c", line 178, in ll_portal_runner__dicttablePtr_treeClass_F1WAEPt
  File "jit_metainterp_warmspot.c", line 178, in ll_portal_runner__dicttablePtr_treeClass_F1WAEPt
  File "jit_metainterp_warmspot.c", line 178, in ll_portal_runner__dicttablePtr_treeClass_F1WAEPt
  File "jit_metainterp_warmspot.c", line 178, in ll_portal_runner__dicttablePtr_treeClass_F1WAEPt
  File "jit_metainterp_warmspot.c", line 178, in ll_portal_runner__dicttablePtr_treeClass_F1WAEPt
  File "jit_metainterp_warmspot.c", line 178, in ll_portal_runner__dicttablePtr_treeClass_F1WAEPt
  File "jit_metainterp_warmspot.c", line 178, in ll_portal_runner__dicttablePtr_treeClass_F1WAEPt
  File "jit_metainterp_warmspot.c", line 178, in ll_portal_runner__dicttablePtr_treeClass_F1WAEPt
  File "jit_metainterp_warmspot.c", line 178, in ll_portal_runner__dicttablePtr_treeClass_F1WAEPt
  File "jit_metainterp_warmspot.c", line 178, in ll_portal_runner__dicttablePtr_treeClass_F1WAEPt
  File "jit_metainterp_warmspot.c", line 178, in ll_portal_runner__dicttablePtr_treeClass_F1WAEPt
  File "jit_metainterp_warmspot.c", line 178, in ll_portal_runner__dicttablePtr_treeClass_F1WAEPt
  File "jit_metainterp_warmspot.c", line 178, in ll_portal_runner__dicttablePtr_treeClass_F1WAEPt
  File "jit_metainterp_warmspot.c", line 178, in ll_portal_runner__dicttablePtr_treeClass_F1WAEPt
  File "jit_metainterp_warmspot.c", line 178, in ll_portal_runner__dicttablePtr_treeClass_F1WAEPt
  File "jit_metainterp_warmspot.c", line 178, in ll_portal_runner__dicttablePtr_treeClass_F1WAEPt
  File "jit_metainterp_warmspot.c", line 178, in ll_portal_runner__dicttablePtr_treeClass_F1WAEPt
  File "jit_metainterp_warmspot.c", line 178, in ll_portal_runner__dicttablePtr_treeClass_F1WAEPt
  File "jit_metainterp_warmspot.c", line 178, in ll_portal_runner__dicttablePtr_treeClass_F1WAEPt
  File "jit_metainterp_warmspot.c", line 178, in ll_portal_runner__dicttablePtr_treeClass_F1WAEPt
  File "jit_metainterp_warmspot.c", line 178, in ll_portal_runner__dicttablePtr_treeClass_F1WAEPt
  File "jit_metainterp_warmspot.c", line 178, in ll_portal_runner__dicttablePtr_treeClass_F1WAEPt
  File "jit_metainterp_warmspot.c", line 178, in ll_portal_runner__dicttablePtr_treeClass_F1WAEPt
  ...
Fatal RPython error: StackOverflow
Abort trap

real	0m17.430s
user	0m17.101s
sys	0m0.156s
sh-3.2$ time ./JITRPinterpret6-c ../tests/test10000runs10000 
RPython traceback:
  File "implement.c", line 165, in entry_point
  File "implement.c", line 625, in Main
  File "jit_metainterp_warmspot.c", line 178, in ll_portal_runner__dicttablePtr_dicttablePtr_tree
  File "jit_metainterp_warmspot.c", line 178, in ll_portal_runner__dicttablePtr_dicttablePtr_tree
  File "jit_metainterp_warmspot.c", line 178, in ll_portal_runner__dicttablePtr_dicttablePtr_tree
  File "jit_metainterp_warmspot.c", line 178, in ll_portal_runner__dicttablePtr_dicttablePtr_tree
  File "jit_metainterp_warmspot.c", line 178, in ll_portal_runner__dicttablePtr_dicttablePtr_tree
  File "jit_metainterp_warmspot.c", line 178, in ll_portal_runner__dicttablePtr_dicttablePtr_tree
  File "jit_metainterp_warmspot.c", line 178, in ll_portal_runner__dicttablePtr_dicttablePtr_tree
  File "jit_metainterp_warmspot.c", line 178, in ll_portal_runner__dicttablePtr_dicttablePtr_tree
  File "jit_metainterp_warmspot.c", line 178, in ll_portal_runner__dicttablePtr_dicttablePtr_tree
  File "jit_metainterp_warmspot.c", line 178, in ll_portal_runner__dicttablePtr_dicttablePtr_tree
  File "jit_metainterp_warmspot.c", line 178, in ll_portal_runner__dicttablePtr_dicttablePtr_tree
  File "jit_metainterp_warmspot.c", line 178, in ll_portal_runner__dicttablePtr_dicttablePtr_tree
  File "jit_metainterp_warmspot.c", line 178, in ll_portal_runner__dicttablePtr_dicttablePtr_tree
  File "jit_metainterp_warmspot.c", line 178, in ll_portal_runner__dicttablePtr_dicttablePtr_tree
  File "jit_metainterp_warmspot.c", line 178, in ll_portal_runner__dicttablePtr_dicttablePtr_tree
  File "jit_metainterp_warmspot.c", line 178, in ll_portal_runner__dicttablePtr_dicttablePtr_tree
  File "jit_metainterp_warmspot.c", line 178, in ll_portal_runner__dicttablePtr_dicttablePtr_tree
  File "jit_metainterp_warmspot.c", line 178, in ll_portal_runner__dicttablePtr_dicttablePtr_tree
  File "jit_metainterp_warmspot.c", line 178, in ll_portal_runner__dicttablePtr_dicttablePtr_tree
  File "jit_metainterp_warmspot.c", line 178, in ll_portal_runner__dicttablePtr_dicttablePtr_tree
  File "jit_metainterp_warmspot.c", line 178, in ll_portal_runner__dicttablePtr_dicttablePtr_tree
  File "jit_metainterp_warmspot.c", line 178, in ll_portal_runner__dicttablePtr_dicttablePtr_tree
  File "jit_metainterp_warmspot.c", line 178, in ll_portal_runner__dicttablePtr_dicttablePtr_tree
  File "jit_metainterp_warmspot.c", line 178, in ll_portal_runner__dicttablePtr_dicttablePtr_tree
  File "jit_metainterp_warmspot.c", line 178, in ll_portal_runner__dicttablePtr_dicttablePtr_tree
  File "jit_metainterp_warmspot.c", line 178, in ll_portal_runner__dicttablePtr_dicttablePtr_tree
  File "jit_metainterp_warmspot.c", line 178, in ll_portal_runner__dicttablePtr_dicttablePtr_tree
  File "jit_metainterp_warmspot.c", line 178, in ll_portal_runner__dicttablePtr_dicttablePtr_tree
  File "jit_metainterp_warmspot.c", line 178, in ll_portal_runner__dicttablePtr_dicttablePtr_tree
  File "jit_metainterp_warmspot.c", line 178, in ll_portal_runner__dicttablePtr_dicttablePtr_tree
  File "jit_metainterp_warmspot.c", line 178, in ll_portal_runner__dicttablePtr_dicttablePtr_tree
  File "jit_metainterp_warmspot.c", line 178, in ll_portal_runner__dicttablePtr_dicttablePtr_tree
  File "jit_metainterp_warmspot.c", line 178, in ll_portal_runner__dicttablePtr_dicttablePtr_tree
  File "jit_metainterp_warmspot.c", line 178, in ll_portal_runner__dicttablePtr_dicttablePtr_tree
  File "jit_metainterp_warmspot.c", line 178, in ll_portal_runner__dicttablePtr_dicttablePtr_tree
  File "jit_metainterp_warmspot.c", line 178, in ll_portal_runner__dicttablePtr_dicttablePtr_tree
  File "jit_metainterp_warmspot.c", line 178, in ll_portal_runner__dicttablePtr_dicttablePtr_tree
  File "jit_metainterp_warmspot.c", line 178, in ll_portal_runner__dicttablePtr_dicttablePtr_tree
  File "jit_metainterp_warmspot.c", line 178, in ll_portal_runner__dicttablePtr_dicttablePtr_tree
  File "jit_metainterp_warmspot.c", line 178, in ll_portal_runner__dicttablePtr_dicttablePtr_tree
  File "jit_metainterp_warmspot.c", line 178, in ll_portal_runner__dicttablePtr_dicttablePtr_tree
  File "jit_metainterp_warmspot.c", line 178, in ll_portal_runner__dicttablePtr_dicttablePtr_tree
  File "jit_metainterp_warmspot.c", line 178, in ll_portal_runner__dicttablePtr_dicttablePtr_tree
  File "jit_metainterp_warmspot.c", line 178, in ll_portal_runner__dicttablePtr_dicttablePtr_tree
  File "jit_metainterp_warmspot.c", line 178, in ll_portal_runner__dicttablePtr_dicttablePtr_tree
  File "jit_metainterp_warmspot.c", line 178, in ll_portal_runner__dicttablePtr_dicttablePtr_tree
  File "jit_metainterp_warmspot.c", line 178, in ll_portal_runner__dicttablePtr_dicttablePtr_tree
  File "jit_metainterp_warmspot.c", line 178, in ll_portal_runner__dicttablePtr_dicttablePtr_tree
  File "jit_metainterp_warmspot.c", line 178, in ll_portal_runner__dicttablePtr_dicttablePtr_tree
  File "jit_metainterp_warmspot.c", line 178, in ll_portal_runner__dicttablePtr_dicttablePtr_tree
  File "jit_metainterp_warmspot.c", line 178, in ll_portal_runner__dicttablePtr_dicttablePtr_tree
  File "jit_metainterp_warmspot.c", line 178, in ll_portal_runner__dicttablePtr_dicttablePtr_tree
  File "jit_metainterp_warmspot.c", line 178, in ll_portal_runner__dicttablePtr_dicttablePtr_tree
  File "jit_metainterp_warmspot.c", line 178, in ll_portal_runner__dicttablePtr_dicttablePtr_tree
  File "jit_metainterp_warmspot.c", line 178, in ll_portal_runner__dicttablePtr_dicttablePtr_tree
  File "jit_metainterp_warmspot.c", line 178, in ll_portal_runner__dicttablePtr_dicttablePtr_tree
  File "jit_metainterp_warmspot.c", line 178, in ll_portal_runner__dicttablePtr_dicttablePtr_tree
  File "jit_metainterp_warmspot.c", line 178, in ll_portal_runner__dicttablePtr_dicttablePtr_tree
  File "jit_metainterp_warmspot.c", line 178, in ll_portal_runner__dicttablePtr_dicttablePtr_tree
  File "jit_metainterp_warmspot.c", line 178, in ll_portal_runner__dicttablePtr_dicttablePtr_tree
  File "jit_metainterp_warmspot.c", line 178, in ll_portal_runner__dicttablePtr_dicttablePtr_tree
  File "jit_metainterp_warmspot.c", line 178, in ll_portal_runner__dicttablePtr_dicttablePtr_tree
  ...
Fatal RPython error: StackOverflow
Abort trap

real	0m17.281s
user	0m16.843s
sys	0m0.133s
sh-3.2$ 
